// Jest Snapshot v1, https://goo.gl/fbAQLP

exports[`ComboMedia Snapshot 1`] = `
<DocumentFragment>
  <div
    class="MuiPaper-root MuiPaper-elevation MuiPaper-rounded MuiPaper-elevation1 MuiCard-root css-bhp9pd-MuiPaper-root-MuiCard-root"
  >
    <video
      controls=""
      playsinline=""
      poster="https://example.com/example.jpg"
      preload="none"
      style="max-width: 680px;"
      width="100%"
    />
    <div
      class="MuiCardContent-root css-46bh2p-MuiCardContent-root"
    >
      <div
        class="css-1nlwwb3"
      />
      <p
        class="MuiTypography-root MuiTypography-caption css-1sn4lm3-MuiTypography-root"
      >
        解説文
      </p>
    </div>
  </div>
</DocumentFragment>
`;
